2025-11-29 11:21:18,134 - modelscope - INFO - cuda is not available, using cpu instead.
2025-11-29 11:21:18,146 - modelscope - INFO - ==========================Training Config Start==========================
2025-11-29 11:21:18,155 - modelscope - INFO - {
    "framework": "pytorch",
    "task": "ocr-recognition",
    "pipeline": {
        "type": "convnextTiny-ocr-recognition"
    },
    "model": {
        "type": "OCRRecognition",
        "recognizer": "ConvNextViT",
        "inference_kwargs": {
            "img_height": 32,
            "img_width": 804,
            "do_chunking": true
        }
    },
    "preprocessor": {
        "type": "ocr-recognition"
    },
    "train": {
        "max_epochs": 15,
        "work_dir": "./output/ocr_workdir_v2",
        "dataloader": {
            "batch_size_per_gpu": 4,
            "workers_per_gpu": 0
        },
        "optimizer": {
            "type": "AdamW",
            "weight_decay": 0.01,
            "lr": 0.001,
            "options": {
                "grad_clip": {
                    "max_norm": 20
                }
            }
        },
        "lr_scheduler": {
            "type": "MultiStepLR",
            "milestones": [
                10,
                20
            ],
            "gamma": 0.1
        },
        "hooks": [
            {
                "type": "IterTimerHook"
            }
        ],
        "checkpoint": {
            "period": {
                "interval": 1,
                "save_dir": "./output/ocr_workdir_v2"
            }
        },
        "logging": {
            "interval": 50,
            "out_dir": "./output/ocr_workdir_v2"
        }
    },
    "evaluation": {
        "dataloader": {
            "batch_size_per_gpu": 4,
            "workers_per_gpu": 0,
            "shuffle": false
        },
        "metrics": "ocr-recognition-metric",
        "period": {
            "interval": 1
        }
    }
}
2025-11-29 11:21:18,157 - modelscope - INFO - ===========================Training Config End===========================
2025-11-29 11:21:21,881 - modelscope - WARNING - ('OPTIMIZER', 'default', 'AdamW') not found in ast index file
2025-11-29 11:21:22,019 - modelscope - WARNING - ('LR_SCHEDULER', 'default', 'MultiStepLR') not found in ast index file
2025-11-29 11:21:22,083 - modelscope - INFO - Stage: before_run:
    (ABOVE_NORMAL) OptimizerHook                      
    (LOW         ) LrSchedulerHook                    
    (LOW         ) CheckpointHook                     
    (VERY_LOW    ) TextLoggerHook                     
 -------------------- 
Stage: before_train_epoch:
    (LOW         ) LrSchedulerHook                    
 -------------------- 
Stage: before_train_iter:
    (ABOVE_NORMAL) OptimizerHook                      
 -------------------- 
Stage: after_train_iter:
    (ABOVE_NORMAL) OptimizerHook                      
    (NORMAL      ) EvaluationHook                     
    (LOW         ) LrSchedulerHook                    
    (LOW         ) CheckpointHook                     
    (VERY_LOW    ) TextLoggerHook                     
 -------------------- 
Stage: after_train_epoch:
    (NORMAL      ) EvaluationHook                     
    (LOW         ) LrSchedulerHook                    
    (LOW         ) CheckpointHook                     
    (VERY_LOW    ) TextLoggerHook                     
 -------------------- 
Stage: after_val_epoch:
    (VERY_LOW    ) TextLoggerHook                     
 -------------------- 
Stage: after_run:
    (LOW         ) CheckpointHook                     
 -------------------- 
2025-11-29 11:21:22,392 - modelscope - INFO - Checkpoints will be saved to ./output/ocr_workdir_v2
2025-11-29 11:21:22,397 - modelscope - INFO - Text logs will be saved to ./output/ocr_workdir_v2
